DEBUG:root:Add: 20 + 5 = 25
DEBUG:root:Sub: 20 - 5 = 15
DEBUG:root:Mul: 20 * 5 = 100
DEBUG:root:Div: 20 / 5 = 4.0
DEBUG:root:Add: 20 + 10 = 30
DEBUG:root:Sub: 20 - 10 = 10
DEBUG:root:Mul: 20 * 10 = 200
DEBUG:root:Div: 20 / 10 = 2.0
2022-09-12 13:04:17,982:DEBUG:Add: 20 + 10 = 30
2022-09-12 13:04:17,983:DEBUG:Sub: 20 - 10 = 10
2022-09-12 13:04:17,983:DEBUG:Mul: 20 * 10 = 200
2022-09-12 13:04:17,983:DEBUG:Div: 20 / 10 = 2.0
